
R version 4.0.3 (2020-10-10) -- "Bunny-Wunnies Freak Out"
Copyright (C) 2020 The R Foundation for Statistical Computing
Platform: x86_64-w64-mingw32/x64 (64-bit)

R is free software and comes with ABSOLUTELY NO WARRANTY.
You are welcome to redistribute it under certain conditions.
Type 'license()' or 'licence()' for distribution details.

  Natural language support but running in an English locale

R is a collaborative project with many contributors.
Type 'contributors()' for more information and
'citation()' on how to cite R or R packages in publications.

Type 'demo()' for some demos, 'help()' for on-line help, or
'help.start()' for an HTML browser interface to help.
Type 'q()' to quit R.

[Previously saved workspace restored]

> # load libraries
> library(tidyverse) # data manipulation and visualization
-- Attaching packages --------------------------------------- tidyverse 1.3.0 --
v ggplot2 3.3.2     v purrr   0.3.4
v tibble  3.0.4     v dplyr   1.0.2
v tidyr   1.1.2     v stringr 1.4.0
v readr   1.4.0     v forcats 0.5.0
-- Conflicts ------------------------------------------ tidyverse_conflicts() --
x dplyr::filter() masks stats::filter()
x dplyr::lag()    masks stats::lag()
> library(dplyr) # data manipulation
> library(blastula) #compose and send emails 
> library(mailR)
> 
> 
> Sys.setenv(RSTUDIO_PANDOC="C:/Program Files/RStudio/bin/pandoc")
> 
> # load data
> source("load_data.R")

Attaching package: 'lubridate'

The following objects are masked from 'package:base':

    date, intersect, setdiff, union


Attaching package: 'data.table'

The following objects are masked from 'package:lubridate':

    hour, isoweek, mday, minute, month, quarter, second, wday, week,
    yday, year

The following objects are masked from 'package:dplyr':

    between, first, last

The following object is masked from 'package:purrr':

    transpose


Attaching package: 'matrixStats'

The following object is masked from 'package:dplyr':

    count


Attaching package: 'plotly'

The following object is masked from 'package:blastula':

    add_image

The following object is masked from 'package:ggplot2':

    last_plot

The following object is masked from 'package:stats':

    filter

The following object is masked from 'package:graphics':

    layout


Use 'expss_output_rnotebook()' to display tables inside R Notebooks.
 To return to the console output, use 'expss_output_default()'.


Attaching package: 'expss'

The following objects are masked from 'package:data.table':

    copy, like

The following objects are masked from 'package:stringr':

    fixed, regex

The following objects are masked from 'package:dplyr':

    between, compute, contains, first, last, na_if, recode, vars

The following objects are masked from 'package:purrr':

    keep, modify, modify_if, transpose, when

The following objects are masked from 'package:tidyr':

    contains, nest

The following object is masked from 'package:ggplot2':

    vars


Attaching package: 'zoo'

The following objects are masked from 'package:base':

    as.Date, as.Date.numeric


Attaching package: 'ggpubr'

The following object is masked from 'package:expss':

    compare_means


Attaching package: 'formattable'

The following object is masked from 'package:plotly':

    style


Attaching package: 'janitor'

The following objects are masked from 'package:stats':

    chisq.test, fisher.test

Error in curl::curl_download(input, tmpFile, mode = "wb", quiet = !showProgress) : 
  Could not resolve host: raw.githubusercontent.com
Calls: source ... withVisible -> eval -> eval -> fread -> <Anonymous>
Execution halted
